<html>
<body>
<pre>
<h1>µVision Build Log</h1>
<h2>Tool Versions:</h2>
IDE-Version: µVision V5.15
Copyright (C) 2015 ARM Ltd and ARM Germany GmbH. All rights reserved.
License Information: Wenxue Wang, FSL, LIC=DSN05-0UP2J-64NF8-LP65P-0CQLW-6DJ2R
 
Tool Versions:
Toolchain:       MDK-ARM Professional  Version: 5.15.0
Toolchain Path:  C:\Freescale\Keil_v5\ARM\ARMCC\Bin
C Compiler:      Armcc.exe V5.05 update 2 (build 169)
Assembler:       Armasm.exe V5.05 update 2 (build 169)
Linker/Locator:  ArmLink.exe V5.05 update 2 (build 169)
Library Manager: ArmAr.exe V5.05 update 2 (build 169)
Hex Converter:   FromElf.exe V5.05 update 2 (build 169)
CPU DLL:         SARMCM3.DLL V5.15.0
Dialog DLL:      DARMCM1.DLL V1.12.0.0
Target DLL:      Segger\JL2CM3.dll V2.99.15.0
Dialog DLL:      TARMCM1.DLL V1.9.0.0
 
<h2>Project:</h2>
C:\Users\b51443\Desktop\SDK_2.0_MKL33Z64xxx4\boards\customer\driver_examples\slcd\mdk\slcd.uvprojx
Project File Date:  02/19/2016

<h2>Output:</h2>
*** Using Compiler 'V5.05 update 2 (build 169)', folder: 'C:\Freescale\Keil_v5\ARM\ARMCC\Bin'
Build target 'slcd Debug'
compiling slcd.c...
linking...
Program Size: Code=12428 RO-data=508 RW-data=28 ZI-data=528  
"debug\slcd.out" - 0 Error(s), 0 Warning(s).

<h2>Collection of Component include folders:</h2>
  C:\Users\b51443\Desktop\SDK_2.0_MKL33Z64xxx4\boards\customer\driver_examples\slcd\mdk\RTE
  C:\Freescale\Keil_v5\ARM\PACK\Keil\Kinetis_KLxx_DFP\1.6.0\Device\Include

<h2>Collection of Component Files used:</h2>
</pre>
</body>
</html>
